../Core/Src/main.c:86:6:delay_us	16	static
../Core/Src/main.c:92:6:HCSR04_Read	8	static
../Core/Src/main.c:104:6:HAL_TIM_IC_CaptureCallback	40	static
../Core/Src/main.c:166:5:main	8	static
../Core/Src/main.c:249:6:SystemClock_Config	64	static
../Core/Src/main.c:286:13:MX_I2C1_Init	8	static
../Core/Src/main.c:334:13:MX_TIM1_Init	56	static
../Core/Src/main.c:394:13:MX_TIM3_Init	40	static
../Core/Src/main.c:439:13:MX_USART2_UART_Init	8	static
../Core/Src/main.c:475:13:MX_GPIO_Init	56	static
../Core/Src/main.c:545:6:Error_Handler	8	static,ignoring_inline_asm
