C:/Users/OrqaPruzinac/.st_workbench/projects/GimbalCopied/Src/mc_interface.c:60:13:MCI_Init	0	static
C:/Users/OrqaPruzinac/.st_workbench/projects/GimbalCopied/Src/mc_interface.c:102:13:MCI_ExecSpeedRamp	0	static
C:/Users/OrqaPruzinac/.st_workbench/projects/GimbalCopied/Src/mc_interface.c:138:13:MCI_ExecSpeedRamp_F	8	static
C:/Users/OrqaPruzinac/.st_workbench/projects/GimbalCopied/Src/mc_interface.c:172:13:MCI_ExecTorqueRamp	0	static
C:/Users/OrqaPruzinac/.st_workbench/projects/GimbalCopied/Src/mc_interface.c:208:13:MCI_ExecTorqueRamp_F	8	static
C:/Users/OrqaPruzinac/.st_workbench/projects/GimbalCopied/Src/mc_interface.c:311:13:MCI_SetSpeedMode	8	static
C:/Users/OrqaPruzinac/.st_workbench/projects/GimbalCopied/Src/mc_interface.c:329:13:MCI_SetOpenLoopCurrent	8	static
C:/Users/OrqaPruzinac/.st_workbench/projects/GimbalCopied/Src/mc_interface.c:347:13:MCI_SetOpenLoopVoltage	16	static
C:/Users/OrqaPruzinac/.st_workbench/projects/GimbalCopied/Src/mc_interface.c:486:13:MCI_GetCalibratedOffsetsMotor	8	static
C:/Users/OrqaPruzinac/.st_workbench/projects/GimbalCopied/Src/mc_interface.c:617:13:MCI_FaultProcessing	0	static
C:/Users/OrqaPruzinac/.st_workbench/projects/GimbalCopied/Src/mc_interface.c:634:13:MCI_ExecBufferedCommands	8	static
C:/Users/OrqaPruzinac/.st_workbench/projects/GimbalCopied/Src/mc_interface.c:720:28:MCI_IsCommandAcknowledged	0	static
C:/Users/OrqaPruzinac/.st_workbench/projects/GimbalCopied/Src/mc_interface.c:752:21:MCI_GetSTMState	0	static
C:/Users/OrqaPruzinac/.st_workbench/projects/GimbalCopied/Src/mc_interface.c:768:17:MCI_GetOccurredFaults	0	static
C:/Users/OrqaPruzinac/.st_workbench/projects/GimbalCopied/Src/mc_interface.c:782:17:MCI_GetCurrentFaults	0	static
C:/Users/OrqaPruzinac/.st_workbench/projects/GimbalCopied/Src/mc_interface.c:375:13:MCI_StartMotor	8	static
C:/Users/OrqaPruzinac/.st_workbench/projects/GimbalCopied/Src/mc_interface.c:418:13:MCI_StartWithMeasurementOffset	8	static
C:/Users/OrqaPruzinac/.st_workbench/projects/GimbalCopied/Src/mc_interface.c:455:13:MCI_StartOffsetMeasurments	8	static
C:/Users/OrqaPruzinac/.st_workbench/projects/GimbalCopied/Src/mc_interface.c:518:13:MCI_SetCalibratedOffsetsMotor	16	static
C:/Users/OrqaPruzinac/.st_workbench/projects/GimbalCopied/Src/mc_interface.c:549:13:MCI_StopMotor	16	static
C:/Users/OrqaPruzinac/.st_workbench/projects/GimbalCopied/Src/mc_interface.c:590:13:MCI_FaultAcknowledged	8	static
C:/Users/OrqaPruzinac/.st_workbench/projects/GimbalCopied/Src/mc_interface.c:798:17:MCI_GetFaultState	0	static
C:/Users/OrqaPruzinac/.st_workbench/projects/GimbalCopied/Src/mc_interface.c:814:25:MCI_GetControlMode	0	static
C:/Users/OrqaPruzinac/.st_workbench/projects/GimbalCopied/Src/mc_interface.c:236:13:MCI_SetCurrentReferences	24	static
C:/Users/OrqaPruzinac/.st_workbench/projects/GimbalCopied/Src/mc_interface.c:281:13:MCI_SetCurrentReferences_F	24	static
C:/Users/OrqaPruzinac/.st_workbench/projects/GimbalCopied/Src/mc_interface.c:830:16:MCI_GetImposedMotorDirection	0	static
C:/Users/OrqaPruzinac/.st_workbench/projects/GimbalCopied/Src/mc_interface.c:880:16:MCI_GetLastRampFinalSpeed	0	static
C:/Users/OrqaPruzinac/.st_workbench/projects/GimbalCopied/Src/mc_interface.c:906:16:MCI_GetLastRampFinalTorque	0	static
C:/Users/OrqaPruzinac/.st_workbench/projects/GimbalCopied/Src/mc_interface.c:931:17:MCI_GetLastRampFinalDuration	0	static
C:/Users/OrqaPruzinac/.st_workbench/projects/GimbalCopied/Src/mc_interface.c:955:14:MCI_GetLastRampFinalSpeed_F	0	static
C:/Users/OrqaPruzinac/.st_workbench/projects/GimbalCopied/Src/mc_interface.c:975:13:MCI_RampCompleted	8	static
C:/Users/OrqaPruzinac/.st_workbench/projects/GimbalCopied/Src/mc_interface.c:1008:13:MCI_StopSpeedRamp	0	static
C:/Users/OrqaPruzinac/.st_workbench/projects/GimbalCopied/Src/mc_interface.c:1021:13:MCI_StopRamp	0	static
C:/Users/OrqaPruzinac/.st_workbench/projects/GimbalCopied/Src/mc_interface.c:1045:13:MCI_GetSpdSensorReliability	8	static
C:/Users/OrqaPruzinac/.st_workbench/projects/GimbalCopied/Src/mc_interface.c:1071:16:MCI_GetAvrgMecSpeedUnit	8	static
C:/Users/OrqaPruzinac/.st_workbench/projects/GimbalCopied/Src/mc_interface.c:1095:14:MCI_GetAvrgMecSpeed_F	8	static
C:/Users/OrqaPruzinac/.st_workbench/projects/GimbalCopied/Src/mc_interface.c:1108:16:MCI_GetMecSpeedRefUnit	0	static
C:/Users/OrqaPruzinac/.st_workbench/projects/GimbalCopied/Src/mc_interface.c:1123:14:MCI_GetMecSpeedRef_F	8	static
C:/Users/OrqaPruzinac/.st_workbench/projects/GimbalCopied/Src/mc_interface.c:1133:13:MCI_GetIab	8	static
C:/Users/OrqaPruzinac/.st_workbench/projects/GimbalCopied/Src/mc_interface.c:1153:15:MCI_GetIab_F	32	static
C:/Users/OrqaPruzinac/.st_workbench/projects/GimbalCopied/Src/mc_interface.c:1169:20:MCI_GetIalphabeta	8	static
C:/Users/OrqaPruzinac/.st_workbench/projects/GimbalCopied/Src/mc_interface.c:1194:13:MCI_GetIqd	8	static
C:/Users/OrqaPruzinac/.st_workbench/projects/GimbalCopied/Src/mc_interface.c:1219:15:MCI_GetIqd_F	32	static
C:/Users/OrqaPruzinac/.st_workbench/projects/GimbalCopied/Src/mc_interface.c:1235:13:MCI_GetIqdHF	8	static
C:/Users/OrqaPruzinac/.st_workbench/projects/GimbalCopied/Src/mc_interface.c:1260:13:MCI_GetIqdref	8	static
C:/Users/OrqaPruzinac/.st_workbench/projects/GimbalCopied/Src/mc_interface.c:1285:15:MCI_GetIqdref_F	32	static
C:/Users/OrqaPruzinac/.st_workbench/projects/GimbalCopied/Src/mc_interface.c:1300:13:MCI_GetVqd	8	static
C:/Users/OrqaPruzinac/.st_workbench/projects/GimbalCopied/Src/mc_interface.c:1325:20:MCI_GetValphabeta	8	static
C:/Users/OrqaPruzinac/.st_workbench/projects/GimbalCopied/Src/mc_interface.c:1351:16:MCI_GetElAngledpp	0	static
C:/Users/OrqaPruzinac/.st_workbench/projects/GimbalCopied/Src/mc_interface.c:1366:16:MCI_GetTeref	0	static
C:/Users/OrqaPruzinac/.st_workbench/projects/GimbalCopied/Src/mc_interface.c:1380:14:MCI_GetTeref_F	8	static
C:/Users/OrqaPruzinac/.st_workbench/projects/GimbalCopied/Src/mc_interface.c:1393:16:MCI_GetPhaseCurrentAmplitude	8	static
C:/Users/OrqaPruzinac/.st_workbench/projects/GimbalCopied/Src/mc_interface.c:1422:16:MCI_GetPhaseVoltageAmplitude	8	static
C:/Users/OrqaPruzinac/.st_workbench/projects/GimbalCopied/Src/mc_interface.c:1460:13:MCI_Clear_Iqdref	8	static
