C:/Users/OrqaPruzinac/.st_workbench/projects/GimbalCopied/Src/mc_tasks.c:674:13:FOC_Clear	16	static
C:/Users/OrqaPruzinac/.st_workbench/projects/GimbalCopied/Src/mc_tasks.c:108:13:MCboot	56	static
C:/Users/OrqaPruzinac/.st_workbench/projects/GimbalCopied/Src/mc_tasks.c:717:13:FOC_InitAdditionalMethods	0	static
C:/Users/OrqaPruzinac/.st_workbench/projects/GimbalCopied/Src/mc_tasks.c:741:13:FOC_CalcCurrRef	16	static
C:/Users/OrqaPruzinac/.st_workbench/projects/GimbalCopied/Src/mc_tasks.c:771:13:TSK_SetChargeBootCapDelayM1	0	static
C:/Users/OrqaPruzinac/.st_workbench/projects/GimbalCopied/Src/mc_tasks.c:782:13:TSK_ChargeBootCapDelayHasElapsedM1	0	static
C:/Users/OrqaPruzinac/.st_workbench/projects/GimbalCopied/Src/mc_tasks.c:798:13:TSK_SetStopPermanencyTimeM1	0	static
C:/Users/OrqaPruzinac/.st_workbench/projects/GimbalCopied/Src/mc_tasks.c:246:6:TSK_MF_StopProcessing	8	static
C:/Users/OrqaPruzinac/.st_workbench/projects/GimbalCopied/Src/mc_tasks.c:809:13:TSK_StopPermanencyTimeHasElapsedM1	0	static
C:/Users/OrqaPruzinac/.st_workbench/projects/GimbalCopied/Src/mc_tasks.c:336:13:TSK_MediumFrequencyTaskM1	32	static
C:/Users/OrqaPruzinac/.st_workbench/projects/GimbalCopied/Src/mc_tasks.c:262:13:MC_Scheduler	16	static
C:/Users/OrqaPruzinac/.st_workbench/projects/GimbalCopied/Src/mc_tasks.c:229:13:MC_RunMotorControlTasks	8	static
C:/Users/OrqaPruzinac/.st_workbench/projects/GimbalCopied/Src/mc_tasks.c:835:16:TSK_HighFrequencyTask	64	static
C:/Users/OrqaPruzinac/.st_workbench/projects/GimbalCopied/Src/mc_tasks.c:985:13:TSK_SafetyTask_PWMOFF	24	static
C:/Users/OrqaPruzinac/.st_workbench/projects/GimbalCopied/Src/mc_tasks.c:963:13:TSK_SafetyTask	8	static
C:/Users/OrqaPruzinac/.st_workbench/projects/GimbalCopied/Src/mc_tasks.c:1034:23:GetMCI	0	static
C:/Users/OrqaPruzinac/.st_workbench/projects/GimbalCopied/Src/mc_tasks.c:1050:13:TSK_HardwareFaultTask	8	static
C:/Users/OrqaPruzinac/.st_workbench/projects/GimbalCopied/Src/mc_tasks.c:1064:6:startMediumFrequencyTask	8	static
C:/Users/OrqaPruzinac/.st_workbench/projects/GimbalCopied/Src/mc_tasks.c:1078:6:StartSafetyTask	8	static
C:/Users/OrqaPruzinac/.st_workbench/projects/GimbalCopied/Src/mc_tasks.c:1091:13:UI_HandleStartStopButton_cb	8	static
C:/Users/OrqaPruzinac/.st_workbench/projects/GimbalCopied/Src/mc_tasks.c:1109:13:mc_lock_pins	56	static
