C:/Users/OrqaPruzinac/.st_workbench/projects/GimbalCopied/Src/stm32f4xx_hal_msp.c:69:6:HAL_MspInit	8	static
C:/Users/OrqaPruzinac/.st_workbench/projects/GimbalCopied/Src/stm32f4xx_hal_msp.c:93:6:HAL_ADC_MspInit	48	static
C:/Users/OrqaPruzinac/.st_workbench/projects/GimbalCopied/Src/stm32f4xx_hal_msp.c:136:6:HAL_ADC_MspDeInit	8	static
C:/Users/OrqaPruzinac/.st_workbench/projects/GimbalCopied/Src/stm32f4xx_hal_msp.c:172:6:HAL_TIM_Base_MspInit	40	static
C:/Users/OrqaPruzinac/.st_workbench/projects/GimbalCopied/Src/stm32f4xx_hal_msp.c:207:6:HAL_TIM_PWM_MspInit	8	static
C:/Users/OrqaPruzinac/.st_workbench/projects/GimbalCopied/Src/stm32f4xx_hal_msp.c:223:6:HAL_TIM_MspPostInit	48	static
C:/Users/OrqaPruzinac/.st_workbench/projects/GimbalCopied/Src/stm32f4xx_hal_msp.c:277:6:HAL_TIM_Base_MspDeInit	8	static
C:/Users/OrqaPruzinac/.st_workbench/projects/GimbalCopied/Src/stm32f4xx_hal_msp.c:311:6:HAL_TIM_PWM_MspDeInit	0	static
C:/Users/OrqaPruzinac/.st_workbench/projects/GimbalCopied/Src/stm32f4xx_hal_msp.c:333:6:HAL_UART_MspInit	48	static
C:/Users/OrqaPruzinac/.st_workbench/projects/GimbalCopied/Src/stm32f4xx_hal_msp.c:406:6:HAL_UART_MspDeInit	8	static
