C:/Users/OrqaPruzinac/.st_workbench/projects/GimbalCopied/Src/stm32f4xx_mc_it.c:72:6:ADC_IRQHandler	0	static
C:/Users/OrqaPruzinac/.st_workbench/projects/GimbalCopied/Src/stm32f4xx_mc_it.c:94:6:TIM1_UP_TIM10_IRQHandler	0	static
C:/Users/OrqaPruzinac/.st_workbench/projects/GimbalCopied/Src/stm32f4xx_mc_it.c:112:6:TIM1_BRK_TIM9_IRQHandler	8	static
C:/Users/OrqaPruzinac/.st_workbench/projects/GimbalCopied/Src/stm32f4xx_mc_it.c:133:6:DMA1_Stream5_IRQHandler	0	static
C:/Users/OrqaPruzinac/.st_workbench/projects/GimbalCopied/Src/stm32f4xx_mc_it.c:156:6:USART2_IRQHandler	24	static,ignoring_inline_asm
C:/Users/OrqaPruzinac/.st_workbench/projects/GimbalCopied/Src/stm32f4xx_mc_it.c:205:6:HardFault_Handler	8	static
C:/Users/OrqaPruzinac/.st_workbench/projects/GimbalCopied/Src/stm32f4xx_mc_it.c:226:6:EXTI15_10_IRQHandler	0	static
